// Jest Snapshot v1, https://goo.gl/fbAQLP

exports[`Modal Button Component matches snapshot 1`] = `
<DocumentFragment>
  <button
    class="flex shadow-sm text-sm font-medium tracking-tight items-center justify-center rounded-full px-12 ring-1 ring-gray-200 w-full p-3"
  >
    Click me
  </button>
</DocumentFragment>
`;
